C51 COMPILER V8.06   LCD1602                                                               07/20/2020 23:12:28 PAGE 1   


C51 COMPILER V8.06, COMPILATION OF MODULE LCD1602
OBJECT MODULE PLACED IN LCD1602.OBJ
COMPILER INVOKED BY: C:\Keil\C51\BIN\C51.EXE LCD1602.C BROWSE DEBUG OBJECTEXTEND

line level    source

   1          #include<reg52.h>
   2          #define uint unsigned int
   3          #define uchar unsigned char
   4          sbit RS=P3^5; //数据/命令
   5          sbit RW=P3^6; //读/写
   6          sbit EN=P3^4; //使能
   7          void Read_Busy()
   8          {
   9   1              RS=0;
  10   1              P0=0xff;
  11   1              RW=1;
  12   1              do
  13   1              {
  14   2                      EN=1;
  15   2              }while(P0&0x80);        
  16   1      }
  17          void Write_Cmd(uchar cmd)
  18          {       
  19   1              Read_Busy();
  20   1              RS=0;
  21   1              RW=0;
  22   1              P0=cmd;
  23   1              EN=1;
  24   1              EN=0;
  25   1      }
  26          void Write_Dat(uchar dat)
  27          {
  28   1              Read_Busy();
  29   1              RS=1;
  30   1              RW=0;
  31   1              P0=dat;
  32   1              EN=1;
  33   1              EN=0;
  34   1      }
  35          void Max(uchar a,b,uchar *max)
  36          {
  37   1              *max=(a>b)?a:b;
  38   1      }
  39          void main()
  40          {
  41   1              uchar c;
  42   1              Write_Cmd(0x38);//设置16*2显示
  43   1              Write_Cmd(0x0e);//开显示 ，开光标
  44   1              Write_Cmd(0x01); //清屏
  45   1              Write_Cmd(0x06);// 地址指针移位
  46   1              Write_Cmd(0x80+0X40);// 显示的地址
  47   1              Max(6,3,&c);
  48   1              Write_Dat(c+'0'); //写入数据
  49   1              while(1);
  50   1      }
  51          
  52                           


MODULE INFORMATION:   STATIC OVERLAYABLE
C51 COMPILER V8.06   LCD1602                                                               07/20/2020 23:12:28 PAGE 2   

   CODE SIZE        =    115    ----
   CONSTANT SIZE    =   ----    ----
   XDATA SIZE       =   ----    ----
   PDATA SIZE       =   ----    ----
   DATA SIZE        =   ----       2
   IDATA SIZE       =   ----    ----
   BIT SIZE         =   ----    ----
END OF MODULE INFORMATION.


C51 COMPILATION COMPLETE.  0 WARNING(S),  0 ERROR(S)
