C51 COMPILER V8.06   DS18B20                                                               07/29/2020 15:40:29 PAGE 1   


C51 COMPILER V8.06, COMPILATION OF MODULE DS18B20
OBJECT MODULE PLACED IN DS18B20.OBJ
COMPILER INVOKED BY: C:\Keil\C51\BIN\C51.EXE DS18B20.C BROWSE DEBUG OBJECTEXTEND

line level    source

   1          #include<reg52.h>
   2          #include<intrins.h>
   3          #define uint unsigned int
   4          #define uchar unsigned char
   5          sbit W_LE=P2^7;
   6          sbit D_LE=P2^6;
   7          sbit DS=P2^2;
   8          uchar code Wei[]={0xfe,0xfd,0xfb,0xf7,0xef,0xdf,0xbf,0x7f};
   9          uchar code Duan[]={0x3f,0x06,0x5b,0x4f,0x66,0x6d,0x7d,0x07,0x7f,0x6f,0X40};
  10          void delay(uint z)
  11          {
  12   1              uint i,y;
  13   1              for(i=z;i>0;i--)
  14   1                      for(y=114;y>0;y--);
  15   1      }
  16          void delay_us(uchar us)
  17          {       
  18   1              while(us--);
  19   1      }
  20          void display(uint k)   //动态显示自己设定想要显示的数字
  21          {
  22   1              uint bai,shi,ge;
  23   1              bai=k/100;
  24   1              shi=k%100/10;
  25   1              ge =k%10;
  26   1              
  27   1              P0=0xff;
  28   1              W_LE=1;
  29   1              P0=Wei[5];
  30   1              W_LE=0;
  31   1              D_LE=1;
  32   1              P0=Duan[bai];
  33   1              D_LE=0;
  34   1              delay(5);
  35   1              
  36   1              P0=0xff;
  37   1              W_LE=1;
  38   1              P0=Wei[6];
  39   1              W_LE=0;
  40   1              D_LE=1;
  41   1              P0=Duan[shi]|0x80;
  42   1              D_LE=0;
  43   1              delay(5);
  44   1      
  45   1              P0=0xff;        
  46   1              W_LE=1;
  47   1              P0=Wei[7];
  48   1              W_LE=0;
  49   1              D_LE=1;
  50   1              P0=Duan[ge];
  51   1              D_LE=0;
  52   1              delay(5);               
  53   1      }
  54          bit DS_Init()
  55          {
C51 COMPILER V8.06   DS18B20                                                               07/29/2020 15:40:29 PAGE 2   

  56   1              bit i;
  57   1              DS=1;
  58   1              DS=0;
  59   1              delay_us(75);
  60   1              DS=1;
  61   1              delay_us(4);
  62   1              i=DS;
  63   1              delay_us(20);
  64   1              DS=1;
  65   1              _nop_();
  66   1              return(i);
  67   1      }
  68                   
  69          void write(uchar dat)
  70          {
  71   1              uchar i;
  72   1              for(i=0;i<8;i++)
  73   1              {  
  74   2                      DS=0;
  75   2                      _nop_();
  76   2                      if(dat&0x01)
  77   2                              DS=1;
  78   2                      else
  79   2                              DS=0;
  80   2                      delay_us(10);
  81   2                      DS=1;  //释放总线，以便下一次写入
  82   2                      _nop_();
  83   2                      dat>>=1;
  84   2              }
  85   1      }
  86          uchar read()
  87          {
  88   1              uchar i;
  89   1              uchar dat;
  90   1              for(i=0;i<8;i++)
  91   1              {
  92   2                      DS=0;
  93   2                      _nop_();
  94   2                      DS=1;
  95   2                      _nop_();
  96   2                      dat>>=1;
  97   2                      if(DS)
  98   2                              dat|=0x80;
  99   2                      delay_us(10);
 100   2                      DS=1;
 101   2                      _nop_();
 102   2              }
 103   1              return(dat);
 104   1      }
 105          void main()
 106          {
 107   1              uint i;
 108   1              uchar L,H;
 109   1              DS_Init();//初始化DS18B20
 110   1              write(0xcc);//发送跳跃ROM指令
 111   1              write(0x4e);//写暂存器指令
 112   1              write(0x7f);
 113   1              write(0xf7);
 114   1              write(0x1f);//配置工作在9位模式下
 115   1              DS_Init();//初始化DS18B20
 116   1              write(0xcc);//发送跳跃ROM指令 
 117   1              write(0x48);
C51 COMPILER V8.06   DS18B20                                                               07/29/2020 15:40:29 PAGE 3   

 118   1      
 119   1              while(1)
 120   1              {
 121   2                      DS_Init();
 122   2                      write(0xcc);  //发送跳跃ROM指令
 123   2                      write(0x44);  //发送温度转换指令
 124   2                      DS_Init();
 125   2                      write(0xcc);
 126   2                      write(0xbe);  //读取DS18B20暂存器值
 127   2                      L=read();
 128   2                      H=read();
 129   2                      i=H;
 130   2                      i<<=8;
 131   2                      i|=L;
 132   2                      i=i*0.0625*10+0.5;
 133   2                      display(i);
 134   2              }
 135   1      }
 136          
 137          


MODULE INFORMATION:   STATIC OVERLAYABLE
   CODE SIZE        =    417    ----
   CONSTANT SIZE    =     19    ----
   XDATA SIZE       =   ----    ----
   PDATA SIZE       =   ----    ----
   DATA SIZE        =   ----       8
   IDATA SIZE       =   ----    ----
   BIT SIZE         =   ----       1
END OF MODULE INFORMATION.


C51 COMPILATION COMPLETE.  0 WARNING(S),  0 ERROR(S)
