C51 COMPILER V8.06   IN1                                                                   07/07/2020 00:34:14 PAGE 1   


C51 COMPILER V8.06, COMPILATION OF MODULE IN1
OBJECT MODULE PLACED IN in1.OBJ
COMPILER INVOKED BY: C:\Keil\C51\BIN\C51.EXE in1.c BROWSE DEBUG OBJECTEXTEND

line level    source

   1          #include <reg52.h>
   2          sbit Key_s2 = P3^0;
   3          sbit flag = P3^7;
   4          
   5          void delay(unsigned int z)
   6          {       
   7   1              unsigned int  y ;
   8   1              for(;z>0;z--)
   9   1                      for(y=120;y>0;y--);
  10   1      }
  11                          
  12          void int1() interrupt 2
  13          {
  14   1              P1=~P1;
  15   1      }
  16          void main()
  17          {
  18   1              EA=1;//开总中断
  19   1              EX1=1;//允许外部中断1中断
  20   1              IT1=1;//下降沿触发
  21   1              while(1)
  22   1              {               
  23   2                      if(Key_s2==0)
  24   2                              {
  25   3                                      delay(10);
  26   3                                      if(Key_s2==0)
  27   3                                      {       
  28   4                                              flag=1;
  29   4                                              flag=0;
  30   4                                      }
  31   3                                      while(!Key_s2); //松手检测
  32   3                              }
  33   2              }
  34   1      }


MODULE INFORMATION:   STATIC OVERLAYABLE
   CODE SIZE        =     62    ----
   CONSTANT SIZE    =   ----    ----
   XDATA SIZE       =   ----    ----
   PDATA SIZE       =   ----    ----
   DATA SIZE        =   ----    ----
   IDATA SIZE       =   ----    ----
   BIT SIZE         =   ----    ----
END OF MODULE INFORMATION.


C51 COMPILATION COMPLETE.  0 WARNING(S),  0 ERROR(S)
