C51 COMPILER V8.06   BUTTON                                                                07/30/2020 14:24:47 PAGE 1   


C51 COMPILER V8.06, COMPILATION OF MODULE BUTTON
OBJECT MODULE PLACED IN ..\output\Button.obj
COMPILER INVOKED BY: C:\Keil\C51\BIN\C51.EXE ..\Sources\Button.c BROWSE DEBUG OBJECTEXTEND PRINT(.\Button.lst) OBJECT(..
                    -\output\Button.obj)

line level    source

   1          #include "Button.h"
   2          void delay_ms(uint z)
   3          {
   4   1              uint y;
   5   1              for(;z>0;z--)
   6   1                      for(y=114;y>0;y--);
   7   1      }
   8          
   9                                  
  10          
  11                                          
  12                                  
  13          
  14          
  15                                                                          
  16                                                  
  17                                                  
  18                                          


MODULE INFORMATION:   STATIC OVERLAYABLE
   CODE SIZE        =     30    ----
   CONSTANT SIZE    =   ----    ----
   XDATA SIZE       =   ----    ----
   PDATA SIZE       =   ----    ----
   DATA SIZE        =   ----    ----
   IDATA SIZE       =   ----    ----
   BIT SIZE         =   ----    ----
END OF MODULE INFORMATION.


C51 COMPILATION COMPLETE.  0 WARNING(S),  0 ERROR(S)
