C51 COMPILER V8.06   DS1302                                                                07/28/2020 19:09:36 PAGE 1   


C51 COMPILER V8.06, COMPILATION OF MODULE DS1302
OBJECT MODULE PLACED IN ..\output\DS1302.obj
COMPILER INVOKED BY: C:\Keil\C51\BIN\C51.EXE ..\Sources\DS1302.c BROWSE DEBUG OBJECTEXTEND PRINT(.\DS1302.lst) OBJECT(..
                    -\output\DS1302.obj)

line level    source

   1          #include "DS1302.h"
   2          void Write_byte(uchar cmd,dat)
   3          {
   4   1              uchar i;
   5   1              CE=0;
   6   1              CE=1;
   7   1              for(i=0;i<8;i++)
   8   1              {
   9   2                      SCLK=0;
  10   2                      if(cmd&0x01)
  11   2                              IO=1;
  12   2                      else
  13   2                              IO=0;
  14   2                      SCLK=1;
  15   2                      cmd>>=1;
  16   2              }       
  17   1              for(i=0;i<8;i++)
  18   1              {
  19   2                      SCLK=0;
  20   2                      if(dat&0x01)
  21   2                              IO=1;
  22   2                      else
  23   2                              IO=0;
  24   2                      SCLK=1;
  25   2                      dat>>=1;
  26   2              }
  27   1              CE=0;   
  28   1      }
  29          uchar Read_byte(uchar cmd)
  30          {
  31   1              uchar i,dat;
  32   1              CE=0;
  33   1              CE=1;
  34   1              for(i=0;i<8;i++)
  35   1              {
  36   2                      SCLK=0;
  37   2                      if(cmd&0x01)
  38   2                              IO=1;
  39   2                      else
  40   2                              IO=0;
  41   2                      SCLK=1;
  42   2                      cmd>>=1;
  43   2              }
  44   1              for(i=0;i<8;i++)
  45   1              {
  46   2                      SCLK=1;   //时钟总线处于高位时，1302将数据放到总线上
  47   2                      SCLK=0;   //拉低时钟总线，即可读出数据
  48   2                      dat>>=1;
  49   2                      if(IO)
  50   2                              dat|=0x80;
  51   2              }
  52   1              CE=0;
  53   1              return (dat);
  54   1      }
C51 COMPILER V8.06   DS1302                                                                07/28/2020 19:09:36 PAGE 2   

  55          uchar Data_BCD(uchar dat)
  56          {
  57   1              uchar dat1,dat2;
  58   1              dat2=dat;
  59   1              dat1=dat2/10;
  60   1              dat2=dat2%10;
  61   1              dat2=dat2+dat1*16;
  62   1              return(dat2);   
  63   1      }
  64          
  65                          


MODULE INFORMATION:   STATIC OVERLAYABLE
   CODE SIZE        =    132    ----
   CONSTANT SIZE    =   ----    ----
   XDATA SIZE       =   ----    ----
   PDATA SIZE       =   ----    ----
   DATA SIZE        =   ----    ----
   IDATA SIZE       =   ----    ----
   BIT SIZE         =   ----    ----
END OF MODULE INFORMATION.


C51 COMPILATION COMPLETE.  0 WARNING(S),  0 ERROR(S)
